load_backend: loaded BLAS backend from /opt/homebrew/Cellar/ggml/0.15.3/libexec/libggml-blas.so
load_backend: loaded MTL backend from /opt/homebrew/Cellar/ggml/0.15.3/libexec/libggml-metal.so
load_backend: loaded CPU backend from /opt/homebrew/Cellar/ggml/0.15.3/libexec/libggml-cpu-apple_m4.so
whisper_init_from_file_with_params_no_state: loading model from '/tmp/anlb-ggml-base.bin'
whisper_init_with_params_no_state: use gpu    = 0
whisper_init_with_params_no_state: flash attn = 1
whisper_init_with_params_no_state: gpu_device = 0
whisper_init_with_params_no_state: dtw        = 0
whisper_init_with_params_no_state: devices    = 3
whisper_init_with_params_no_state: backends   = 3
whisper_model_load: loading model
whisper_model_load: n_vocab       = 51865
whisper_model_load: n_audio_ctx   = 1500
whisper_model_load: n_audio_state = 512
whisper_model_load: n_audio_head  = 8
whisper_model_load: n_audio_layer = 6
whisper_model_load: n_text_ctx    = 448
whisper_model_load: n_text_state  = 512
whisper_model_load: n_text_head   = 8
whisper_model_load: n_text_layer  = 6
whisper_model_load: n_mels        = 80
whisper_model_load: ftype         = 1
whisper_model_load: qntvr         = 0
whisper_model_load: type          = 2 (base)
whisper_model_load: adding 1608 extra tokens
whisper_model_load: n_langs       = 99
whisper_model_load:          CPU total size =   147.37 MB
whisper_model_load: model size    =  147.37 MB
whisper_backend_init_gpu: no GPU found
whisper_backend_init: using BLAS backend
whisper_init_state: kv self size  =    6.29 MB
whisper_init_state: kv cross size =   18.87 MB
whisper_init_state: kv pad  size  =    3.15 MB
whisper_init_state: compute buffer (conv)   =   16.28 MB
whisper_init_state: compute buffer (encode) =   23.09 MB
whisper_init_state: compute buffer (cross)  =    4.66 MB
whisper_init_state: compute buffer (decode) =   96.37 MB
read_audio_data: reading audio data from '旁白導覽接口-v1/新版旁白-20260918/alignment/00_序章.wav' ...
read_audio_data: trying to decode with miniaudio

system_info: n_threads = 6 / 10 | WHISPER : COREML = 0 | OPENVINO = 0 | MTL : EMBED_LIBRARY = 1 | CPU : NEON = 1 | ARM_FMA = 1 | FP16_VA = 1 | MATMUL_INT8 = 1 | DOTPROD = 1 | SME = 1 | ACCELERATE = 1 | OPENMP = 1 | REPACK = 1 | 

main: processing '旁白導覽接口-v1/新版旁白-20260918/alignment/00_序章.wav' (711680 samples, 44.5 sec), 6 threads, 1 processors, 5 beams + best of 5, lang = zh, task = transcribe, timestamps = 1 ...


[00:00:00.000 --> 00:00:08.560]  反統的建築設計圖說,設備文件捍衛養紀錄,可能隨著時間與人員更替。
[00:00:08.560 --> 00:00:11.000]  逐漸善失。
[00:00:11.000 --> 00:00:17.720]  在這裡,我們用生命與力與數位分身為建築保留記憶。
[00:00:17.720 --> 00:00:26.320]  從建造時留下的資料,到日後每一次保養與更新,讓新的紀錄接續累積。
[00:00:26.320 --> 00:00:30.400]  也讓過去的經驗能夠回頭查閱。
[00:00:30.400 --> 00:00:35.240]  讓資訊有了對應的位置與身份,接受的人。
[00:00:35.240 --> 00:00:40.400]  就能理解,這動建築曾經受到哪些照顧。
[00:00:40.400 --> 00:00:44.600]  社區的管理,也不必每一次都從零開始。
output_txt: saving output to '旁白導覽接口-v1/新版旁白-20260918/alignment/00_序章.txt'
output_json: saving output to '旁白導覽接口-v1/新版旁白-20260918/alignment/00_序章.json'

whisper_print_timings:     load time =   547.20 ms
whisper_print_timings:     fallbacks =   0 p /   0 h
whisper_print_timings:      mel time =    94.19 ms
whisper_print_timings:   sample time =  3951.97 ms /   960 runs (     4.12 ms per run)
whisper_print_timings:   encode time = 25103.57 ms /     2 runs ( 12551.79 ms per run)
whisper_print_timings:   decode time =     0.00 ms /     1 runs (     0.00 ms per run)
whisper_print_timings:   batchd time = 157171.92 ms /   953 runs (   164.92 ms per run)
whisper_print_timings:   prompt time =  6015.24 ms /   116 runs (    51.86 ms per run)
whisper_print_timings:    total time = 193258.34 ms
