load_backend: loaded BLAS backend from /opt/homebrew/Cellar/ggml/0.15.3/libexec/libggml-blas.so
load_backend: loaded MTL backend from /opt/homebrew/Cellar/ggml/0.15.3/libexec/libggml-metal.so
load_backend: loaded CPU backend from /opt/homebrew/Cellar/ggml/0.15.3/libexec/libggml-cpu-apple_m4.so
whisper_init_from_file_with_params_no_state: loading model from '/tmp/anlb-ggml-base.bin'
whisper_init_with_params_no_state: use gpu    = 0
whisper_init_with_params_no_state: flash attn = 1
whisper_init_with_params_no_state: gpu_device = 0
whisper_init_with_params_no_state: dtw        = 0
whisper_init_with_params_no_state: devices    = 3
whisper_init_with_params_no_state: backends   = 3
whisper_model_load: loading model
whisper_model_load: n_vocab       = 51865
whisper_model_load: n_audio_ctx   = 1500
whisper_model_load: n_audio_state = 512
whisper_model_load: n_audio_head  = 8
whisper_model_load: n_audio_layer = 6
whisper_model_load: n_text_ctx    = 448
whisper_model_load: n_text_state  = 512
whisper_model_load: n_text_head   = 8
whisper_model_load: n_text_layer  = 6
whisper_model_load: n_mels        = 80
whisper_model_load: ftype         = 1
whisper_model_load: qntvr         = 0
whisper_model_load: type          = 2 (base)
whisper_model_load: adding 1608 extra tokens
whisper_model_load: n_langs       = 99
whisper_model_load:          CPU total size =   147.37 MB
whisper_model_load: model size    =  147.37 MB
whisper_backend_init_gpu: no GPU found
whisper_backend_init: using BLAS backend
whisper_init_state: kv self size  =    6.29 MB
whisper_init_state: kv cross size =   18.87 MB
whisper_init_state: kv pad  size  =    3.15 MB
whisper_init_state: compute buffer (conv)   =   16.28 MB
whisper_init_state: compute buffer (encode) =   23.09 MB
whisper_init_state: compute buffer (cross)  =    4.66 MB
whisper_init_state: compute buffer (decode) =   96.37 MB
read_audio_data: reading audio data from '旁白導覽接口-v1/新版旁白-20260918/alignment/02_數位孿生定位.wav' ...
read_audio_data: trying to decode with miniaudio

system_info: n_threads = 6 / 10 | WHISPER : COREML = 0 | OPENVINO = 0 | MTL : EMBED_LIBRARY = 1 | CPU : NEON = 1 | ARM_FMA = 1 | FP16_VA = 1 | MATMUL_INT8 = 1 | DOTPROD = 1 | SME = 1 | ACCELERATE = 1 | OPENMP = 1 | REPACK = 1 | 

main: processing '旁白導覽接口-v1/新版旁白-20260918/alignment/02_數位孿生定位.wav' (451200 samples, 28.2 sec), 6 threads, 1 processors, 5 beams + best of 5, lang = zh, task = transcribe, timestamps = 1 ...


[00:00:00.000 --> 00:00:04.000]  有了記錄, 再一個問題是它在建築的哪裡。
[00:00:04.800 --> 00:00:11.900]  從整棟建築進入樓層, 看清給水、排水與消防系統的空間關係。
[00:00:12.700 --> 00:00:18.700]  沿著管線找到設備, 在查閱對應的身份文件與圍養記錄。
[00:00:19.600 --> 00:00:28.100]  數位分身, 把空間與資訊連在一起, 讓查找有方向, 後續的檢查與圍養有依據。
output_txt: saving output to '旁白導覽接口-v1/新版旁白-20260918/alignment/02_數位孿生定位.txt'
output_json: saving output to '旁白導覽接口-v1/新版旁白-20260918/alignment/02_數位孿生定位.json'

whisper_print_timings:     load time =   176.21 ms
whisper_print_timings:     fallbacks =   0 p /   0 h
whisper_print_timings:      mel time =    14.56 ms
whisper_print_timings:   sample time =  3868.96 ms /   654 runs (     5.92 ms per run)
whisper_print_timings:   encode time =  8193.15 ms /     1 runs (  8193.15 ms per run)
whisper_print_timings:   decode time =   353.68 ms /     1 runs (   353.68 ms per run)
whisper_print_timings:   batchd time = 160070.58 ms /   651 runs (   245.88 ms per run)
whisper_print_timings:   prompt time =     0.00 ms /     1 runs (     0.00 ms per run)
whisper_print_timings:    total time = 172836.88 ms
