load_backend: loaded BLAS backend from /opt/homebrew/Cellar/ggml/0.15.3/libexec/libggml-blas.so
load_backend: loaded MTL backend from /opt/homebrew/Cellar/ggml/0.15.3/libexec/libggml-metal.so
load_backend: loaded CPU backend from /opt/homebrew/Cellar/ggml/0.15.3/libexec/libggml-cpu-apple_m4.so
whisper_init_from_file_with_params_no_state: loading model from '/tmp/anlb-ggml-base.bin'
whisper_init_with_params_no_state: use gpu    = 0
whisper_init_with_params_no_state: flash attn = 1
whisper_init_with_params_no_state: gpu_device = 0
whisper_init_with_params_no_state: dtw        = 0
whisper_init_with_params_no_state: devices    = 3
whisper_init_with_params_no_state: backends   = 3
whisper_model_load: loading model
whisper_model_load: n_vocab       = 51865
whisper_model_load: n_audio_ctx   = 1500
whisper_model_load: n_audio_state = 512
whisper_model_load: n_audio_head  = 8
whisper_model_load: n_audio_layer = 6
whisper_model_load: n_text_ctx    = 448
whisper_model_load: n_text_state  = 512
whisper_model_load: n_text_head   = 8
whisper_model_load: n_text_layer  = 6
whisper_model_load: n_mels        = 80
whisper_model_load: ftype         = 1
whisper_model_load: qntvr         = 0
whisper_model_load: type          = 2 (base)
whisper_model_load: adding 1608 extra tokens
whisper_model_load: n_langs       = 99
whisper_model_load:          CPU total size =   147.37 MB
whisper_model_load: model size    =  147.37 MB
whisper_backend_init_gpu: no GPU found
whisper_backend_init: using BLAS backend
whisper_init_state: kv self size  =    6.29 MB
whisper_init_state: kv cross size =   18.87 MB
whisper_init_state: kv pad  size  =    3.15 MB
whisper_init_state: compute buffer (conv)   =   16.28 MB
whisper_init_state: compute buffer (encode) =   23.09 MB
whisper_init_state: compute buffer (cross)  =    4.66 MB
whisper_init_state: compute buffer (decode) =   96.37 MB
read_audio_data: reading audio data from '旁白導覽接口-v1/新版旁白-20260918/alignment/03_建築BOS.wav' ...
read_audio_data: trying to decode with miniaudio

system_info: n_threads = 6 / 10 | WHISPER : COREML = 0 | OPENVINO = 0 | MTL : EMBED_LIBRARY = 1 | CPU : NEON = 1 | ARM_FMA = 1 | FP16_VA = 1 | MATMUL_INT8 = 1 | DOTPROD = 1 | SME = 1 | ACCELERATE = 1 | OPENMP = 1 | REPACK = 1 | 

main: processing '旁白導覽接口-v1/新版旁白-20260918/alignment/03_建築BOS.wav' (511360 samples, 32.0 sec), 6 threads, 1 processors, 5 beams + best of 5, lang = zh, task = transcribe, timestamps = 1 ...


[00:00:00.000 --> 00:00:02.920]  建築每天的運作,又該怎麼理解?
[00:00:03.920 --> 00:00:10.040]  分布各處的感測訊號,逐步繪節,行程理解全動運作的線索。
[00:00:11.080 --> 00:00:19.400]  環境獨止與用電資訊,回到各自的位置,條件與記錄,才能看出差異、支持查核。
[00:00:20.440 --> 00:00:28.680]  從全動到每一戶,從當下獨止到持續觀察,讓健康安全與低探的管理目標。
[00:00:29.680 --> 00:00:31.480]  有資訊作為依據
output_txt: saving output to '旁白導覽接口-v1/新版旁白-20260918/alignment/03_建築BOS.txt'
output_json: saving output to '旁白導覽接口-v1/新版旁白-20260918/alignment/03_建築BOS.json'

whisper_print_timings:     load time =   587.56 ms
whisper_print_timings:     fallbacks =   0 p /   0 h
whisper_print_timings:      mel time =    93.40 ms
whisper_print_timings:   sample time =  1349.76 ms /   739 runs (     1.83 ms per run)
whisper_print_timings:   encode time = 10488.50 ms /     2 runs (  5244.25 ms per run)
whisper_print_timings:   decode time =    23.10 ms /     1 runs (    23.10 ms per run)
whisper_print_timings:   batchd time = 32673.67 ms /   734 runs (    44.51 ms per run)
whisper_print_timings:   prompt time =     0.00 ms /     1 runs (     0.00 ms per run)
whisper_print_timings:    total time = 45428.20 ms
