load_backend: loaded BLAS backend from /opt/homebrew/Cellar/ggml/0.15.3/libexec/libggml-blas.so
load_backend: loaded MTL backend from /opt/homebrew/Cellar/ggml/0.15.3/libexec/libggml-metal.so
load_backend: loaded CPU backend from /opt/homebrew/Cellar/ggml/0.15.3/libexec/libggml-cpu-apple_m4.so
whisper_init_from_file_with_params_no_state: loading model from '/tmp/anlb-ggml-base.bin'
whisper_init_with_params_no_state: use gpu    = 0
whisper_init_with_params_no_state: flash attn = 1
whisper_init_with_params_no_state: gpu_device = 0
whisper_init_with_params_no_state: dtw        = 0
whisper_init_with_params_no_state: devices    = 3
whisper_init_with_params_no_state: backends   = 3
whisper_model_load: loading model
whisper_model_load: n_vocab       = 51865
whisper_model_load: n_audio_ctx   = 1500
whisper_model_load: n_audio_state = 512
whisper_model_load: n_audio_head  = 8
whisper_model_load: n_audio_layer = 6
whisper_model_load: n_text_ctx    = 448
whisper_model_load: n_text_state  = 512
whisper_model_load: n_text_head   = 8
whisper_model_load: n_text_layer  = 6
whisper_model_load: n_mels        = 80
whisper_model_load: ftype         = 1
whisper_model_load: qntvr         = 0
whisper_model_load: type          = 2 (base)
whisper_model_load: adding 1608 extra tokens
whisper_model_load: n_langs       = 99
whisper_model_load:          CPU total size =   147.37 MB
whisper_model_load: model size    =  147.37 MB
whisper_backend_init_gpu: no GPU found
whisper_backend_init: using BLAS backend
whisper_init_state: kv self size  =    6.29 MB
whisper_init_state: kv cross size =   18.87 MB
whisper_init_state: kv pad  size  =    3.15 MB
whisper_init_state: compute buffer (conv)   =   16.28 MB
whisper_init_state: compute buffer (encode) =   23.09 MB
whisper_init_state: compute buffer (cross)  =    4.66 MB
whisper_init_state: compute buffer (decode) =   96.37 MB
read_audio_data: reading audio data from '旁白導覽接口-v1/新版旁白-20260918/alignment/ending-CD.wav' ...
read_audio_data: trying to decode with miniaudio

system_info: n_threads = 4 / 10 | WHISPER : COREML = 0 | OPENVINO = 0 | MTL : EMBED_LIBRARY = 1 | CPU : NEON = 1 | ARM_FMA = 1 | FP16_VA = 1 | MATMUL_INT8 = 1 | DOTPROD = 1 | SME = 1 | ACCELERATE = 1 | OPENMP = 1 | REPACK = 1 | 

main: processing '旁白導覽接口-v1/新版旁白-20260918/alignment/ending-CD.wav' (40000 samples, 2.5 sec), 4 threads, 1 processors, 1 beams + best of 1, lang = zh, task = transcribe, timestamps = 1 ...


[00:00:00.000 --> 00:00:02.560]  從空間定位到日常管理
output_json: saving output to '旁白導覽接口-v1/新版旁白-20260918/alignment/ending-CD.json'

whisper_print_timings:     load time =   321.09 ms
whisper_print_timings:     fallbacks =   0 p /   0 h
whisper_print_timings:      mel time =    12.20 ms
whisper_print_timings:   sample time =    28.21 ms /     1 runs (    28.21 ms per run)
whisper_print_timings:   encode time =  8741.49 ms /     1 runs (  8741.49 ms per run)
whisper_print_timings:   decode time =   392.94 ms /    11 runs (    35.72 ms per run)
whisper_print_timings:   batchd time =   106.86 ms /     3 runs (    35.62 ms per run)
whisper_print_timings:   prompt time =     0.00 ms /     1 runs (     0.00 ms per run)
whisper_print_timings:    total time =  9626.25 ms
